// Jest Snapshot v1, https://goo.gl/fbAQLP

exports[`ErrorScreen renders correctly 1`] = `
<View
  style={
    Object {
      "alignItems": "center",
      "backgroundColor": "#fcfcfc",
      "flex": 1,
      "flexDirection": "column",
      "justifyContent": "center",
      "padding": 32.5,
    }
  }
>
  <TouchableOpacity
    onPress={[Function]}
    style={
      Object {
        "padding": 16.25,
        "position": "absolute",
        "right": 0,
        "top": 0,
      }
    }
    testID="closeButton"
  >
    <View
      style={
        Object {
          "alignItems": "center",
          "display": "flex",
          "height": 24,
          "justifyContent": "center",
          "width": 24,
        }
      }
    >
      <View
        override={
          Object {
            "fill": "#000000",
            "height": 24,
            "stroke": "#000000",
            "width": 24,
          }
        }
        xml="
<?xml version=\\"1.0\\" encoding=\\"UTF-8\\"?>
<svg width=\\"1024px\\" height=\\"1024px\\" viewBox=\\"0 0 1024 1024\\" version=\\"1.1\\" xmlns=\\"http://www.w3.org/2000/svg\\" xmlns:xlink=\\"http://www.w3.org/1999/xlink\\">
    <!-- Generator: Sketch 53.2 (72643) - https://sketchapp.com -->
    <title>cancel-outline</title>
    <desc>Created with Sketch.</desc>
    <g id=\\"cancel-outline\\" stroke=\\"none\\" stroke-width=\\"1\\" fill-rule=\\"evenodd\\">
        <g id=\\"Group\\" transform=\\"translate(512.000000, 512.000000) rotate(45.000000) translate(-512.000000, -512.000000)\\">
            <rect id=\\"Rectangle-4\\" x=\\"0\\" y=\\"476\\" width=\\"1024\\" height=\\"72\\" rx=\\"36\\"></rect>
            <rect id=\\"Rectangle-4\\" transform=\\"translate(512.000000, 512.000000) rotate(90.000000) translate(-512.000000, -512.000000)\\" x=\\"0\\" y=\\"476\\" width=\\"1024\\" height=\\"72\\" rx=\\"36\\"></rect>
        </g>
    </g>
</svg>
"
      />
    </View>
  </TouchableOpacity>
  <Image
    resizeMode="contain"
    source="imageSource"
    style={
      Object {
        "height": 500,
        "marginBottom": 16.25,
        "width": 500,
      }
    }
  />
  <View
    style={
      Object {
        "marginVertical": 8.125,
      }
    }
  >
    title
  </View>
  <View
    style={
      Object {
        "marginVertical": 8.125,
      }
    }
  >
    subTitle
  </View>
  <View
    style={
      Object {
        "marginTop": 97.5,
      }
    }
  />
</View>
`;
